error: No starting state defined, indicate the starting state with a *.
  --> tests/compile-fail/no_starting_state.rs:13:1
   |
13 | / statemachine! {
14 | |     transitions: {
15 | |         //~ ERROR No starting state defined, indicate the starting state with a *
16 | |         State1 + Event1 = State2,
17 | |         State2 + Event2 = State3,
18 | |     }
19 | | }
   | |_^
   |
   = note: this error originates in the macro `statemachine` (in Nightly builds, run with -Z macro-backtrace for more info)
